task 1
task 2
1
task 3
1 0 abc
2 0 abcd
3 1 meh
2
1 0 abc
3 1 meh
2 2 abcd
